// Jest Snapshot v1, https://goo.gl/fbAQLP

exports[`sign up page should match a snapshot 1`] = `
<div>
  <div>
    <div
      class="container w-100 h-100 d-relative"
    >
      <div
        class="grid p-3"
      >
        <div
          class="d-flex align-middle"
        >
          <h1
            class="p-3"
          >
            Sign up
          </h1>
          <hr />
        </div>
        <div
          class="row"
        >
          <form
            class="needs-validation grid gy-3"
            id="form"
            name="form"
          >
            <div
              class="row"
            >
              <div
                class="p-1 "
              >
                <label
                  class="form-label"
                  for="Username"
                >
                  <b>
                    Username
                  </b>
                </label>
                <input
                  class="form-control"
                  id="Username"
                  name="Username"
                  placeholder="Enter your username"
                  value="arseniiohar"
                />
                <div
                  class="invalid"
                />
              </div>
            </div>
            <div
              class="row"
            >
              <div
                class="p-1 "
              >
                <label
                  class="form-label"
                  for="Password"
                >
                  <b>
                    Password
                  </b>
                </label>
                <input
                  class="form-control"
                  id="Password"
                  name="Password"
                  placeholder="Enter your password"
                  type="password"
                  value=""
                />
                <div
                  class="invalid"
                />
              </div>
            </div>
            <div
              class="row"
            >
              <div
                class="p-1 col-lg"
              >
                <label
                  class="form-label"
                  for="FirstName"
                >
                  <b>
                    First Name
                  </b>
                </label>
                <input
                  class="form-control"
                  id="FirstName"
                  name="FirstName"
                  placeholder="Enter your first name"
                  value=""
                />
                <div
                  class="invalid"
                />
              </div>
              <div
                class="p-1 col-lg"
              >
                <label
                  class="form-label"
                  for="LastName"
                >
                  <b>
                    Last Name
                  </b>
                </label>
                <input
                  class="form-control"
                  id="LastName"
                  name="LastName"
                  placeholder="Enter your last name"
                  value=""
                />
                <div
                  class="invalid"
                />
              </div>
            </div>
            <div
              class="row"
            >
              <div
                class="p-1 col-lg"
              >
                <label
                  class="form-label"
                  for="Email"
                >
                  <b>
                    Email
                  </b>
                </label>
                <input
                  class="form-control"
                  id="Email"
                  name="Email"
                  placeholder="Enter your email"
                  value=""
                />
                <div
                  class="invalid"
                />
              </div>
              <div
                class="p-1 col-lg"
              >
                <label
                  class="form-label"
                  for="PhoneNumber"
                >
                  <b>
                    Phone Number
                  </b>
                </label>
                <input
                  class="form-control"
                  id="PhoneNumber"
                  name="PhoneNumber"
                  placeholder="Enter your phone number"
                  value=""
                />
                <div
                  class="invalid"
                />
              </div>
            </div>
            <div
              class="invalid"
            />
            <hr />
            <div
              class="container d-flex gap-2 justify-content-center mx-auto my-3 text-center p-3 start-0"
            >
              <button
                class="btn btn-primary rounded-4 p-2 px-4"
                id="signUpButton"
                type="button"
              >
                Sign up
              </button>
              <div
                class="vr my-1"
              />
              <button
                class="btn btn-secondary rounded-4 px-3"
                type="button"
              >
                Log in
              </button>
            </div>
          </form>
        </div>
      </div>
      <footer
        class="d-flex justify-content-center p-3 align-items-end"
      >
        <a
          class="text-decoration-none"
          href="example.com"
        >
          <div
            class="d-flex justify-content-center align-items-center gap-1 bg-dark p-2 rounded"
          >
            <img
              alt="Classes Logo"
              class="border rounded-3 p-1 m-0 fill-light classes-pic"
              data-nimg="1"
              decoding="async"
              height="32"
              loading="lazy"
              src="/_next/image?url=%2Fimg.jpg&w=64&q=75"
              srcset="/_next/image?url=%2Fimg.jpg&w=32&q=75 1x, /_next/image?url=%2Fimg.jpg&w=64&q=75 2x"
              style="color: transparent;"
              width="32"
            />
            <h3
              class="m-0 align-middle text-primary"
            >
              Classes
            </h3>
          </div>
        </a>
      </footer>
    </div>
  </div>
</div>
`;
